// Vitest Snapshot v1, https://vitest.dev/guide/snapshot.html

exports[`<Footer /> > should render 'footer' 1`] = `
<DocumentFragment>
  <footer
    class="ps-w-full ps-text-white ps-bg-black ps-p-4 ps-mt-12"
  >
    <nav
      class="ps-flex ps-flex-col ps-max-w-lg ps-mx-auto lg:ps-max-w-screen-lg"
    >
      <ul>
        <ul>
          <li
            class="ps-list-disc ps-text-blue-300"
          >
            <a
              class="ps-text-blue-300 hover:ps-underline hover:ps-text-blue-100 focus:ps-text-purple-600 active:ps-text-purple-300"
              href="/"
            >
              Home
            </a>
          </li>
          <li
            class="ps-list-disc ps-text-blue-300 ps-ml-3"
          >
            <a
              class="ps-text-blue-300 hover:ps-underline hover:ps-text-blue-100 focus:ps-text-purple-600 active:ps-text-purple-300"
              href="/articles"
            >
              Articles
            </a>
          </li>
        </ul>
        <li
          class="ps-list-disc ps-text-blue-300"
        >
          <a
            class="ps-text-blue-300 hover:ps-underline hover:ps-text-blue-100 focus:ps-text-purple-600 active:ps-text-purple-300"
            href="/pages"
          >
            Pages
          </a>
        </li>
      </ul>
    </nav>
    <div
      class="ps-flex ps-my-4 ps-p-2"
    >
      <span
        class="mx-auto"
      >
        Â© 2023 Built with 
        <a
          class="text-white hover:text-blue-100 underline"
          href="https://nextjs.org/"
        >
          Next.js
        </a>
         and 
        <a
          class="text-blue-500 underline hover:text-blue-100"
          href="https://www.wordpress.com/"
        >
          WordPress
        </a>
      </span>
    </div>
  </footer>
</DocumentFragment>
`;
